2026-09-12 13:41:08,313 - INFO - [1/12] https://lavozdelosquesobran.cl/opinion/las-condes-25-edificios-en-altura-ilegale
2026-09-12 13:43:58,803 - INFO -    -> revision_manual igual=True | institucion igual=False | evidencia igual=True | actores high=8 xhigh=8 | regresiones=0 | costo high=$0.00844022 xhigh=$0.01531382
2026-09-12 13:43:59,303 - INFO - [2/12] https://www.defendamoslaciudad.cl/noticias/item/1068-vecinos-se-oponen-a-constru
2026-09-12 13:46:06,106 - WARNING - Cita no verificada para actor 'Ministerio de Vivienda y Urbanismo' -- se vacia la cita, se conserva el actor
2026-09-12 13:46:06,107 - WARNING - Cita no verificada para actor 'alcalde Luis Montt' -- se vacia la cita, se conserva el actor
2026-09-12 13:46:06,115 - INFO -    -> revision_manual igual=True | institucion igual=True | evidencia igual=False | actores high=8 xhigh=8 | regresiones=0 | costo high=$0.00483516 xhigh=$0.01162476
2026-09-12 13:46:06,616 - INFO - [3/12] https://www.latercera.com/diario-impreso/la-reina-inicia-debate-por-cambios-a-ed
2026-09-12 13:47:45,092 - WARNING - Cita no verificada para actor 'concejo municipal' -- se vacia la cita, se conserva el actor
2026-09-12 13:47:45,093 - INFO -    -> revision_manual igual=True | institucion igual=True | evidencia igual=False | actores high=7 xhigh=7 | regresiones=1 | costo high=$0.0052252 xhigh=$0.0070504
2026-09-12 13:47:45,593 - INFO - [4/12] https://www.elperiodista.cl/2020/09/vecinos-de-las-condes-piden-desechar-proyect
2026-09-12 13:50:38,952 - WARNING - Cita no verificada para actor 'María Cristina Dittborn' -- se vacia la cita, se conserva el actor
2026-09-12 13:50:38,952 - INFO -    -> revision_manual igual=True | institucion igual=False | evidencia igual=True | actores high=8 xhigh=8 | regresiones=0 | costo high=$0.00747174 xhigh=$0.01453134
2026-09-12 13:50:39,453 - INFO - [5/12] https://www.infraestructurapublica.cl/fin-del-conflicto-las-condes-recibira-dine
2026-09-12 13:53:01,259 - INFO -    -> revision_manual igual=True | institucion igual=True | evidencia igual=True | actores high=8 xhigh=8 | regresiones=0 | costo high=$0.00528525 xhigh=$0.01463925
2026-09-12 13:53:01,760 - INFO - [6/12] https://www.biobiochile.cl/noticias/2012/10/20/vecinos-de-providencia-se-manifie
2026-09-12 13:54:25,450 - INFO -    -> revision_manual igual=True | institucion igual=True | evidencia igual=True | actores high=3 xhigh=4 | regresiones=0 | costo high=$0.00301515 xhigh=$0.00697275
2026-09-12 13:54:25,950 - INFO - [7/12] https://radio.uchile.cl/2018/07/07/viviendas-sociales-en-las-condes-un-pequeno-p
2026-09-12 13:56:37,241 - INFO -    -> revision_manual igual=True | institucion igual=True | evidencia igual=True | actores high=8 xhigh=8 | regresiones=0 | costo high=$0.0060918 xhigh=$0.0107802
2026-09-12 13:56:37,742 - INFO - [8/12] https://www.pauta.cl/actualidad/2026/04/14/gobierno-impulsa-plan-de-viviendas-so
2026-09-12 13:59:20,422 - INFO -    -> revision_manual igual=True | institucion igual=True | evidencia igual=False | actores high=8 xhigh=8 | regresiones=0 | costo high=$0.00789675 xhigh=$0.01275315
2026-09-12 13:59:20,923 - INFO - [9/12] https://www.adnradio.cl/2026/07/27/edificio-en-las-condes-promocionado-por-influ
2026-09-12 14:00:57,618 - INFO -    -> revision_manual igual=True | institucion igual=True | evidencia igual=True | actores high=7 xhigh=8 | regresiones=0 | costo high=$0.0027659 xhigh=$0.0102791
2026-09-12 14:00:58,119 - INFO - [10/12] https://eldesconcierto.cl/2025/07/15/otra-irregularidad-en-las-condes-un-edifici
2026-09-12 14:03:05,229 - INFO -    -> revision_manual igual=True | institucion igual=True | evidencia igual=True | actores high=8 xhigh=8 | regresiones=0 | costo high=$0.0060746 xhigh=$0.0107642
2026-09-12 14:03:05,729 - INFO - [11/12] https://interferencia.cl/articulos/altura-de-edificios-en-nunoa-vecinos-logran-f
2026-09-12 14:05:47,516 - INFO -    -> revision_manual igual=True | institucion igual=False | evidencia igual=True | actores high=8 xhigh=8 | regresiones=0 | costo high=$0.0071234 xhigh=$0.0144434
2026-09-12 14:05:48,024 - INFO - [12/12] https://radio.uchile.cl/2017/11/06/en-las-condes-se-repiten-las-equivocaciones-u
2026-09-12 14:08:48,575 - WARNING - Cita no verificada para actor 'DOM Las Condes' -- se vacia la cita, se conserva el actor
2026-09-12 14:08:48,579 - INFO -    -> revision_manual igual=True | institucion igual=True | evidencia igual=True | actores high=8 xhigh=8 | regresiones=0 | costo high=$0.0061244 xhigh=$0.0182276
2026-09-12 14:08:49,110 - INFO - ============================================================
2026-09-12 14:08:49,110 - INFO - RESUMEN sobre 12 documentos:
2026-09-12 14:08:49,110 - INFO -   Acuerdo revision_manual: 100%
2026-09-12 14:08:49,111 - INFO -   Acuerdo institucion_decisora: 75%
2026-09-12 14:08:49,111 - INFO -   Acuerdo tipo_evidencia: 75%
2026-09-12 14:08:49,111 - INFO -   Acuerdo conteo de actores (+-1): 100%
2026-09-12 14:08:49,111 - INFO -   Regresiones de cita no verificada (high peor que xhigh): 1
2026-09-12 14:08:49,111 - INFO -   Costo total high: $0.07035 (unknown: 0) | xhigh: $0.14738 (unknown: 0)
2026-09-12 14:08:49,111 - INFO - Detalle guardado en: D:\Felipe\Consultora\caso_inmobiliario_stgo\Auditoria\effort_comparison\comparison_20260912_164108_12docs.json
2026-09-12 14:08:49,111 - INFO -   VEREDICTO AUTOMATICO (no es decision final): MANTENER_XHIGH -- 1 regresion(es) de cita no verificada -- high produjo una cita no verificada donde xhigh si la verifico.
