2026-09-12 14:12:11,766 - INFO - [1/12] https://lavozdelosquesobran.cl/opinion/las-condes-25-edificios-en-altura-ilegale
2026-09-12 14:15:08,301 - WARNING - Cita no verificada para actor 'Municipalidad de Las Condes' -- se vacia la cita, se conserva el actor
2026-09-12 14:15:08,305 - WARNING - Cita no verificada para actor 'Superintendente del Medio Ambiente (SMA' -- se vacia la cita, se conserva el actor
2026-09-12 14:15:08,305 - INFO -    -> revision_manual igual=True | institucion igual=True | evidencia igual=True | actores high=8 xhigh=8 | regresiones=1 | costo high=$0.00625262 xhigh=$0.01584542
2026-09-12 14:15:08,806 - INFO - [2/12] https://www.defendamoslaciudad.cl/noticias/item/1068-vecinos-se-oponen-a-constru
2026-09-12 14:17:30,113 - INFO -    -> revision_manual igual=True | institucion igual=True | evidencia igual=True | actores high=8 xhigh=8 | regresiones=0 | costo high=$0.0067652 xhigh=$0.0114956
2026-09-12 14:17:30,614 - INFO - [3/12] https://www.latercera.com/diario-impreso/la-reina-inicia-debate-por-cambios-a-ed
2026-09-12 14:19:21,386 - WARNING - Cita no verificada para actor 'concejo municipal' -- se vacia la cita, se conserva el actor
2026-09-12 14:19:21,387 - INFO -    -> revision_manual igual=True | institucion igual=True | evidencia igual=True | actores high=7 xhigh=7 | regresiones=0 | costo high=$0.0048685 xhigh=$0.0096097
2026-09-12 14:19:21,888 - INFO - [4/12] https://www.elperiodista.cl/2020/09/vecinos-de-las-condes-piden-desechar-proyect
2026-09-12 14:22:15,256 - INFO -    -> revision_manual igual=True | institucion igual=True | evidencia igual=True | actores high=8 xhigh=8 | regresiones=0 | costo high=$0.00932825 xhigh=$0.01391345
2026-09-12 14:22:15,757 - INFO - [5/12] https://www.infraestructurapublica.cl/fin-del-conflicto-las-condes-recibira-dine
2026-09-12 14:24:50,446 - INFO -    -> revision_manual igual=True | institucion igual=True | evidencia igual=False | actores high=8 xhigh=5 | regresiones=0 | costo high=$0.00713445 xhigh=$0.01327125
2026-09-12 14:24:50,947 - INFO - [6/12] https://www.biobiochile.cl/noticias/2012/10/20/vecinos-de-providencia-se-manifie
2026-09-12 14:26:01,685 - INFO -    -> revision_manual igual=True | institucion igual=True | evidencia igual=True | actores high=3 xhigh=3 | regresiones=0 | costo high=$0.00322035 xhigh=$0.00640875
2026-09-12 14:26:02,186 - INFO - [7/12] https://radio.uchile.cl/2018/07/07/viviendas-sociales-en-las-condes-un-pequeno-p
2026-09-12 14:27:49,961 - WARNING - Cita no verificada para actor 'Raúl Torrealba' -- se vacia la cita, se conserva el actor
2026-09-12 14:27:49,962 - WARNING - Cita no verificada para actor 'Joaquín Lavín' -- se vacia la cita, se conserva el actor
2026-09-12 14:27:49,963 - WARNING - Cita no verificada para actor 'Pontificia Universidad Católica' -- se vacia la cita, se conserva el actor
2026-09-12 14:27:49,965 - WARNING - Cita no verificada para actor 'Joaquín Lavín' -- se vacia la cita, se conserva el actor
2026-09-12 14:27:49,966 - INFO -    -> revision_manual igual=True | institucion igual=True | evidencia igual=True | actores high=8 xhigh=8 | regresiones=1 | costo high=$0.0049494 xhigh=$0.0101718
2026-09-12 14:27:50,467 - INFO - [8/12] https://www.pauta.cl/actualidad/2026/04/14/gobierno-impulsa-plan-de-viviendas-so
2026-09-12 14:30:28,075 - INFO -    -> revision_manual igual=True | institucion igual=True | evidencia igual=True | actores high=8 xhigh=8 | regresiones=0 | costo high=$0.00630315 xhigh=$0.01530315
2026-09-12 14:30:28,576 - INFO - [9/12] https://www.adnradio.cl/2026/07/27/edificio-en-las-condes-promocionado-por-influ
2026-09-12 14:31:42,258 - WARNING - Cita no verificada para actor 'reclamos.cl' -- se vacia la cita, se conserva el actor
2026-09-12 14:31:42,260 - INFO -    -> revision_manual igual=True | institucion igual=True | evidencia igual=True | actores high=8 xhigh=7 | regresiones=1 | costo high=$0.0036491 xhigh=$0.0057275
2026-09-12 14:31:42,761 - INFO - [10/12] https://eldesconcierto.cl/2025/07/15/otra-irregularidad-en-las-condes-un-edifici
2026-09-12 14:34:59,415 - INFO -    -> revision_manual igual=True | institucion igual=True | evidencia igual=True | actores high=8 xhigh=8 | regresiones=0 | costo high=$0.008021 xhigh=$0.0172418
2026-09-12 14:34:59,916 - INFO - [11/12] https://interferencia.cl/articulos/altura-de-edificios-en-nunoa-vecinos-logran-f
2026-09-12 14:37:43,836 - INFO -    -> revision_manual igual=True | institucion igual=True | evidencia igual=True | actores high=8 xhigh=8 | regresiones=0 | costo high=$0.006197 xhigh=$0.015791
2026-09-12 14:37:44,337 - INFO - [12/12] https://radio.uchile.cl/2017/11/06/en-las-condes-se-repiten-las-equivocaciones-u
2026-09-12 14:40:47,138 - INFO -    -> revision_manual igual=True | institucion igual=True | evidencia igual=True | actores high=8 xhigh=8 | regresiones=0 | costo high=$0.0084836 xhigh=$0.0163388
2026-09-12 14:40:47,689 - INFO - ============================================================
2026-09-12 14:40:47,689 - INFO - RESUMEN sobre 12 documentos:
2026-09-12 14:40:47,696 - INFO -   Acuerdo revision_manual: 100%
2026-09-12 14:40:47,698 - INFO -   Acuerdo institucion_decisora: 100%
2026-09-12 14:40:47,698 - INFO -   Acuerdo tipo_evidencia: 92%
2026-09-12 14:40:47,698 - INFO -   Acuerdo conteo de actores (+-1): 92%
2026-09-12 14:40:47,698 - INFO -   Regresiones de cita no verificada (high peor que xhigh): 3
2026-09-12 14:40:47,699 - INFO -   Costo total high: $0.07517 (unknown: 0) | xhigh: $0.15112 (unknown: 0)
2026-09-12 14:40:47,699 - INFO - Detalle guardado en: D:\Felipe\Consultora\caso_inmobiliario_stgo\Auditoria\effort_comparison\comparison_20260912_171211_744_12docs.json
2026-09-12 14:40:47,701 - INFO -   VEREDICTO AUTOMATICO (no es decision final): MANTENER_XHIGH -- 3 regresion(es) de cita no verificada -- high produjo una cita no verificada donde xhigh si la verifico.
